// Jest Snapshot v1, https://goo.gl/fbAQLP

exports[`Answers Component renders component successfully 1`] = `
ShallowWrapper {
  Symbol(enzyme.__root__): [Circular],
  Symbol(enzyme.__unrendered__): <Answers
    selectedNumbers={
      Array [
        66,
        7,
      ]
    }
    unselectNumber={[MockFunction]}
  />,
  Symbol(enzyme.__renderer__): Object {
    "batchedUpdates": [Function],
    "getNode": [Function],
    "render": [Function],
    "simulateError": [Function],
    "simulateEvent": [Function],
    "unmount": [Function],
  },
  Symbol(enzyme.__node__): Object {
    "instance": null,
    "key": undefined,
    "nodeType": "host",
    "props": Object {
      "children": Array [
        <span
          className="btn"
          onClick={[Function]}
        >
          66
        </span>,
        <span
          className="btn"
          onClick={[Function]}
        >
          7
        </span>,
      ],
      "className": "col-5",
    },
    "ref": null,
    "rendered": Array [
      Object {
        "instance": null,
        "key": "0",
        "nodeType": "host",
        "props": Object {
          "children": 66,
          "className": "btn",
          "onClick": [Function],
        },
        "ref": null,
        "rendered": 66,
        "type": "span",
      },
      Object {
        "instance": null,
        "key": "1",
        "nodeType": "host",
        "props": Object {
          "children": 7,
          "className": "btn",
          "onClick": [Function],
        },
        "ref": null,
        "rendered": 7,
        "type": "span",
      },
    ],
    "type": "div",
  },
  Symbol(enzyme.__nodes__): Array [
    Object {
      "instance": null,
      "key": undefined,
      "nodeType": "host",
      "props": Object {
        "children": Array [
          <span
            className="btn"
            onClick={[Function]}
          >
            66
          </span>,
          <span
            className="btn"
            onClick={[Function]}
          >
            7
          </span>,
        ],
        "className": "col-5",
      },
      "ref": null,
      "rendered": Array [
        Object {
          "instance": null,
          "key": "0",
          "nodeType": "host",
          "props": Object {
            "children": 66,
            "className": "btn",
            "onClick": [Function],
          },
          "ref": null,
          "rendered": 66,
          "type": "span",
        },
        Object {
          "instance": null,
          "key": "1",
          "nodeType": "host",
          "props": Object {
            "children": 7,
            "className": "btn",
            "onClick": [Function],
          },
          "ref": null,
          "rendered": 7,
          "type": "span",
        },
      ],
      "type": "div",
    },
  ],
  Symbol(enzyme.__options__): Object {
    "adapter": ReactSixteenAdapter {
      "options": Object {
        "enableComponentDidUpdateOnSetState": true,
        "lifecycles": Object {
          "componentDidUpdate": Object {
            "onSetState": true,
          },
          "getDerivedStateFromProps": true,
          "getSnapshotBeforeUpdate": true,
          "setState": Object {
            "skipsComponentDidUpdateOnNullish": true,
          },
        },
      },
    },
  },
}
`;
