// Jest Snapshot v1, https://goo.gl/fbAQLP

exports[`Numbers Component renders component successfully 1`] = `
ShallowWrapper {
  Symbol(enzyme.__root__): [Circular],
  Symbol(enzyme.__unrendered__): <Numbers
    selectNumber={[MockFunction]}
    selectedNumbers={Array []}
    usedNumbers={Array []}
  />,
  Symbol(enzyme.__renderer__): Object {
    "batchedUpdates": [Function],
    "getNode": [Function],
    "render": [Function],
    "simulateError": [Function],
    "simulateEvent": [Function],
    "unmount": [Function],
  },
  Symbol(enzyme.__node__): Object {
    "instance": null,
    "key": undefined,
    "nodeType": "host",
    "props": Object {
      "children": Array [
        <span
          onClick={[Function]}
        >
          1
        </span>,
        <span
          onClick={[Function]}
        >
          2
        </span>,
        <span
          onClick={[Function]}
        >
          3
        </span>,
        <span
          onClick={[Function]}
        >
          4
        </span>,
        <span
          onClick={[Function]}
        >
          5
        </span>,
        <span
          onClick={[Function]}
        >
          6
        </span>,
        <span
          onClick={[Function]}
        >
          7
        </span>,
        <span
          onClick={[Function]}
        >
          8
        </span>,
        <span
          onClick={[Function]}
        >
          9
        </span>,
      ],
      "className": "row col-6 col-md-offset-4 card text-center",
    },
    "ref": null,
    "rendered": Array [
      Object {
        "instance": null,
        "key": "0",
        "nodeType": "host",
        "props": Object {
          "children": 1,
          "className": undefined,
          "onClick": [Function],
        },
        "ref": null,
        "rendered": 1,
        "type": "span",
      },
      Object {
        "instance": null,
        "key": "1",
        "nodeType": "host",
        "props": Object {
          "children": 2,
          "className": undefined,
          "onClick": [Function],
        },
        "ref": null,
        "rendered": 2,
        "type": "span",
      },
      Object {
        "instance": null,
        "key": "2",
        "nodeType": "host",
        "props": Object {
          "children": 3,
          "className": undefined,
          "onClick": [Function],
        },
        "ref": null,
        "rendered": 3,
        "type": "span",
      },
      Object {
        "instance": null,
        "key": "3",
        "nodeType": "host",
        "props": Object {
          "children": 4,
          "className": undefined,
          "onClick": [Function],
        },
        "ref": null,
        "rendered": 4,
        "type": "span",
      },
      Object {
        "instance": null,
        "key": "4",
        "nodeType": "host",
        "props": Object {
          "children": 5,
          "className": undefined,
          "onClick": [Function],
        },
        "ref": null,
        "rendered": 5,
        "type": "span",
      },
      Object {
        "instance": null,
        "key": "5",
        "nodeType": "host",
        "props": Object {
          "children": 6,
          "className": undefined,
          "onClick": [Function],
        },
        "ref": null,
        "rendered": 6,
        "type": "span",
      },
      Object {
        "instance": null,
        "key": "6",
        "nodeType": "host",
        "props": Object {
          "children": 7,
          "className": undefined,
          "onClick": [Function],
        },
        "ref": null,
        "rendered": 7,
        "type": "span",
      },
      Object {
        "instance": null,
        "key": "7",
        "nodeType": "host",
        "props": Object {
          "children": 8,
          "className": undefined,
          "onClick": [Function],
        },
        "ref": null,
        "rendered": 8,
        "type": "span",
      },
      Object {
        "instance": null,
        "key": "8",
        "nodeType": "host",
        "props": Object {
          "children": 9,
          "className": undefined,
          "onClick": [Function],
        },
        "ref": null,
        "rendered": 9,
        "type": "span",
      },
    ],
    "type": "div",
  },
  Symbol(enzyme.__nodes__): Array [
    Object {
      "instance": null,
      "key": undefined,
      "nodeType": "host",
      "props": Object {
        "children": Array [
          <span
            onClick={[Function]}
          >
            1
          </span>,
          <span
            onClick={[Function]}
          >
            2
          </span>,
          <span
            onClick={[Function]}
          >
            3
          </span>,
          <span
            onClick={[Function]}
          >
            4
          </span>,
          <span
            onClick={[Function]}
          >
            5
          </span>,
          <span
            onClick={[Function]}
          >
            6
          </span>,
          <span
            onClick={[Function]}
          >
            7
          </span>,
          <span
            onClick={[Function]}
          >
            8
          </span>,
          <span
            onClick={[Function]}
          >
            9
          </span>,
        ],
        "className": "row col-6 col-md-offset-4 card text-center",
      },
      "ref": null,
      "rendered": Array [
        Object {
          "instance": null,
          "key": "0",
          "nodeType": "host",
          "props": Object {
            "children": 1,
            "className": undefined,
            "onClick": [Function],
          },
          "ref": null,
          "rendered": 1,
          "type": "span",
        },
        Object {
          "instance": null,
          "key": "1",
          "nodeType": "host",
          "props": Object {
            "children": 2,
            "className": undefined,
            "onClick": [Function],
          },
          "ref": null,
          "rendered": 2,
          "type": "span",
        },
        Object {
          "instance": null,
          "key": "2",
          "nodeType": "host",
          "props": Object {
            "children": 3,
            "className": undefined,
            "onClick": [Function],
          },
          "ref": null,
          "rendered": 3,
          "type": "span",
        },
        Object {
          "instance": null,
          "key": "3",
          "nodeType": "host",
          "props": Object {
            "children": 4,
            "className": undefined,
            "onClick": [Function],
          },
          "ref": null,
          "rendered": 4,
          "type": "span",
        },
        Object {
          "instance": null,
          "key": "4",
          "nodeType": "host",
          "props": Object {
            "children": 5,
            "className": undefined,
            "onClick": [Function],
          },
          "ref": null,
          "rendered": 5,
          "type": "span",
        },
        Object {
          "instance": null,
          "key": "5",
          "nodeType": "host",
          "props": Object {
            "children": 6,
            "className": undefined,
            "onClick": [Function],
          },
          "ref": null,
          "rendered": 6,
          "type": "span",
        },
        Object {
          "instance": null,
          "key": "6",
          "nodeType": "host",
          "props": Object {
            "children": 7,
            "className": undefined,
            "onClick": [Function],
          },
          "ref": null,
          "rendered": 7,
          "type": "span",
        },
        Object {
          "instance": null,
          "key": "7",
          "nodeType": "host",
          "props": Object {
            "children": 8,
            "className": undefined,
            "onClick": [Function],
          },
          "ref": null,
          "rendered": 8,
          "type": "span",
        },
        Object {
          "instance": null,
          "key": "8",
          "nodeType": "host",
          "props": Object {
            "children": 9,
            "className": undefined,
            "onClick": [Function],
          },
          "ref": null,
          "rendered": 9,
          "type": "span",
        },
      ],
      "type": "div",
    },
  ],
  Symbol(enzyme.__options__): Object {
    "adapter": ReactSixteenAdapter {
      "options": Object {
        "enableComponentDidUpdateOnSetState": true,
        "lifecycles": Object {
          "componentDidUpdate": Object {
            "onSetState": true,
          },
          "getDerivedStateFromProps": true,
          "getSnapshotBeforeUpdate": true,
          "setState": Object {
            "skipsComponentDidUpdateOnNullish": true,
          },
        },
      },
    },
  },
}
`;
